(lambda (A a) a)
(lambda (A a) a)
(lambda (A a) a)
