(Pi ([A Type] [_ A]) A)
(Pi ([A Type] [B Type] [_ A] [_ B]) Type)
